<html>
<body>
<pre>
<h1>µVision Build Log</h1>
<h2>Tool Versions:</h2>
IDE-Version: ¦ÌVision V5.27.1.0
Copyright (C) 2019 ARM Ltd and ARM Germany GmbH. All rights reserved.
License Information: zzh zzh, zzh, LIC=Q7GJJ-U1VAQ-157TV-PP8VN-ZWPZA-WK2D7
 
Tool Versions:
Toolchain:       MDK-ARM Professional  Version: 5.27.1.0
Toolchain Path:  C:\Keil_v5\ARM\ARMCC\Bin
C Compiler:      Armcc.exe V5.06 update 6 (build 750)
Assembler:       Armasm.exe V5.06 update 6 (build 750)
Linker/Locator:  ArmLink.exe V5.06 update 6 (build 750)
Library Manager: ArmAr.exe V5.06 update 6 (build 750)
Hex Converter:   FromElf.exe V5.06 update 6 (build 750)
CPU DLL:         SARMCM3.DLL V5.27.1.0
Dialog DLL:      DARMSTM.DLL V1.68.0.0
Target DLL:      STLink\ST-LINKIII-KEIL_SWO.dll V3.0.6.0
Dialog DLL:      TARMSTM.DLL V1.66.0.0
 
<h2>Project:</h2>
C:\Users\lenovo\Desktop\20190830AllProjectofHegihtController\test_frequency_by_300M_send_spi\20191109HeightControllerArm\USER\HeightControlerArm.uvproj
Project File Date:  09/21/2019

<h2>Output:</h2>
*** Using Compiler 'V5.06 update 6 (build 750)', folder: 'C:\Keil_v5\ARM\ARMCC\Bin'
Build target 'Target 1'
compiling stm32f10x_it.c...
compiling io.c...
compiling 24cxx.c...
compiling system_stm32f10x.c...
compiling myiic.c...
compiling main.c...
compiling touch.c...
compiling lcd.c...
assembling startup_stm32f10x_hd.s...
compiling usart.c...
compiling sys.c...
compiling delay.c...
compiling core_cm3.c...
compiling SPI_FPGA.c...
..\HARDWARE\SPI_FPGA\SPI_FPGA.c(64): warning:  #177-D: variable "NVIC_InitStructure"  was declared but never referenced
  	NVIC_InitTypeDef NVIC_InitStructure;
..\HARDWARE\SPI_FPGA\SPI_FPGA.c(89): warning:  #177-D: variable "DMA_InitStructure"  was declared but never referenced
  	DMA_InitTypeDef DMA_InitStructure;
..\HARDWARE\SPI_FPGA\SPI_FPGA.c: 2 warnings, 0 errors
compiling AD5530.c...
compiling stm32f10x_gpio.c...
compiling stm32f10x_rcc.c...
compiling misc.c...
compiling stm32f10x_usart.c...
compiling stm32f10x_dma.c...
compiling stm32f10x_spi.c...
linking...
Program Size: Code=36426 RO-data=6554 RW-data=180 ZI-data=1852  
FromELF: creating hex file...
"..\OBJ\LCD.axf" - 0 Error(s), 2 Warning(s).
Build Time Elapsed:  00:00:05
</pre>
</body>
</html>
